[www.topflyma.com/index.html]
[backblue.gif]
[fade.gif]
[index.html]
[static.websiteonline.cn/website/template/default/css/default9dd2.css]
[www.topflyma.com/template/default/css/wpassword/iconfont832f.css]
[static.websiteonline.cn/website/plugin/title/css/title362c.css]
[static.websiteonline.cn/website/plugin/unslider/css/unslider514e.css]
[static.websiteonline.cn/website/plugin/lantern/css/lantern8256.css]
[www.topflyma.com/58934b1633b4a469232e4836e86a4c4d.css]
[static.websiteonline.cn/website/script/indexc388.html]
[static.websiteonline.cn/website/plugin/index42af.html]
[www.topflyma.com/About-Us.html]
[www.topflyma.com/Products.html]
[www.topflyma.com/Application.html]
[www.topflyma.com/Contact-Us.html]
[static.websiteonline.cn/website/script/usermanagemob/clipboard.js]
[hkw96a666.pic10.websiteonline.cn/upload/2jlo.jpg]
[www.topflyma.com/Productsfb84.html]
[hkw96a666.pic10.websiteonline.cn/upload/1.jpg]
[www.topflyma.com/Products67fe.html]
[hkw96a666.pic10.websiteonline.cn/upload/cp1.png]
[hkw96a666.pic10.websiteonline.cn/upload/cp2.png]
[www.topflyma.com/Productsb92c.html]
[www.topflyma.com/Application-more8950.html]
[hkw96a666.pic10.websiteonline.cn/upload/cp3.png]
[hkw96a666.pic10.websiteonline.cn/upload/tu1.jpg]
[www.topflyma.com/Application-more2f2d.html]
[www.topflyma.com/Application-more54ec.html]
[hkw96a666.pic10.websiteonline.cn/upload/71.jpg]
[www.topflyma.com/Application-more631b.html]
[hkw96a666.pic10.websiteonline.cn/upload/tu2.jpg]
[www.topflyma.com/Application-more5e7f.html]
[hkw96a666.pic10.websiteonline.cn/upload/73.jpg]
[hkw96a666.pic10.websiteonline.cn/upload/72.jpg]
[hkw96a666.pic10.websiteonline.cn/upload/74.jpg]
[hkw96a666.pic10.websiteonline.cn/upload/75.jpg]
[www.topflyma.com/Application-morea6de.html]
[www.topflyma.com/Application-more99d7.html]
[static.websiteonline.cn/website/plugin/lantern/js/lrscroll.js]
[static.websiteonline.cn/website/script/calb1f0.js]
[static.websiteonline.cn/website/script/jquery.validate5e1f.js]
[static.websiteonline.cn/website/script/webuploader/webuploader.js]
[www.topflyma.com/index1c30.html]
[hkw96a666.pic10.websiteonline.cn/upload/blackfacebook.png]
[www.topflyma.com/index.html]
[hkw96a666.pic10.websiteonline.cn/upload/7.jpg]
[hkw96a666.pic10.websiteonline.cn/upload/blacktwitter.png]
[hkw96a666.pic10.websiteonline.cn/upload/76.jpg]
[static.websiteonline.cn/website/template/default/images/wp-link-input-bg.gif]
[static.websiteonline.cn/website/template/default/images/wp-diy-selected-button.gif]
[static.websiteonline.cn/website/template/default/images/wp-diy-selected-button2.gif]
[static.websiteonline.cn/website/template/default/images/copyright_logo.png]
[static.websiteonline.cn/website/template/default/images/copy_close.png]
[static.websiteonline.cn/website/template/default/images/sitestar_copyright_bg.png]
[static.websiteonline.cn/website/template/default/images/wp-new-member-background.png]
[static.websiteonline.cn/website/template/default/images/wp-new-member-login-windows-c.png]
[static.websiteonline.cn/website/template/default/images/wp-new-member-login-text-input.gif]
[static.websiteonline.cn/website/template/default/images/loading.gif]
[static.websiteonline.cn/website/template/default/css/default9dd2.css]
[static.websiteonline.cn/website/template/default/images/popclose.png]
[www.topflyma.com/template/default/css/font/SourceHanSerifCN-Regular.woff]
[www.topflyma.com/template/default/css/font/SourceHanSansCN-Regular.woff]
[www.topflyma.com/template/default/css/font/SourceHanSerifTW-Regular.woff]
[www.topflyma.com/template/default/css/font/SourceHanSansTW-Regular.woff]
[www.topflyma.com/template/default/css/font/fontb651.css]
[www.topflyma.com/template/default/css/wpassword/iconfontcfec.woff2]
[www.topflyma.com/template/default/css/wpassword/iconfontcfec.woff]
[www.topflyma.com/template/default/css/wpassword/iconfontcfec.ttf]
[www.topflyma.com/template/default/css/wpassword/iconfont832f.css]
[static.websiteonline.cn/website/plugin/title/view/icons/flash.gif]
[static.websiteonline.cn/website/plugin/title/view/icons/rm.gif]
[static.websiteonline.cn/website/plugin/title/css/title362c.css]
[static.websiteonline.cn/website/plugin/title/view/icons/media.gif]
[static.websiteonline.cn/website/plugin/unslider/view/images/navbg.png]
[static.websiteonline.cn/website/plugin/unslider/css/unslider514e.css]
[static.websiteonline.cn/website/plugin/media/css/media188c.css]
[static.websiteonline.cn/website/plugin/lantern/css/lantern8256.css]
[www.topflyma.com/GET.44.delayed]
[www.topflyma.com/template/default/images/blank.gif]
[www.topflyma.com/script/wopop2_preview.js]
[www.topflyma.com/template/default/images/loading.gif]
[www.topflyma.com/plugin/title/css/title.css]
[www.topflyma.com/template/default/images/searchico.png]
[www.topflyma.com/template/default/images/un-lock.png]
[static.websiteonline.cn/website/script/indexc388.html]
[www.topflyma.com/template/default/images/left_arrow.png]
[www.topflyma.com/template/default/images/right_arrow.png]
[www.topflyma.com/plugin/unslider/js/html5zoo4290.js]
[www.topflyma.com/script/multiupload/cancel.png]
[static.websiteonline.cn/website/plugin/index42af.html]
[www.topflyma.com/script/userloginpc/jquery.placeholder.min.js]
[www.topflyma.com/58934b1633b4a469232e4836e86a4c4d.css]
[static.websiteonline.cn/website/plugin/new_navigation/styles/hs12/nav_04_01_m0sL.jpg]
[static.websiteonline.cn/website/plugin/blocksit/css/blocksit816c.css]
[www.topflyma.com/d451f2661a266583ac2de0766665a7d7.css]
[static.websiteonline.cn/website/plugin/indexd610.html]
[hkw96a666.pic10.websiteonline.cn/upload/1_8jts.jpg]
[hkw96a666.pic10.websiteonline.cn/upload/4_8865.jpg]
[hkw96a666.pic10.websiteonline.cn/upload/6.jpg]
[www.topflyma.com/script/webuploader/Uploader.swf]
[hkw96a666.pic10.websiteonline.cn/upload/5.jpg]
[static.websiteonline.cn/website/plugin/blocksit/js/jquery_blocksit.js]
[www.topflyma.com/About-Us.html]
[static.websiteonline.cn/website/plugin/blocksit/js/jquery.lightbox3860.js]
[www.topflyma.com/bc82edc3bfd2e13ed9dcfc90086df8c8.css]
[static.websiteonline.cn/website/plugin/indexf8d1.html]
[static.websiteonline.cn/website/plugin/new_navigation/styles/hs10/m_19_VyyP.jpg]
[hkw96a666.pic10.websiteonline.cn/upload/3.jpg]
[static.websiteonline.cn/website/plugin/product_category/view/windowpopup/darkorange/close.gif]
[static.websiteonline.cn/website/plugin/product_category/view/windowpopup/darkorange/arrow.gif]
[static.websiteonline.cn/website/plugin/product_category/view/windowpopup/darkorange/ico_01.gif]
[static.websiteonline.cn/website/plugin/product_category/view/windowpopup/darkorange/title.gif]
[static.websiteonline.cn/website/plugin/product_category/view/windowpopup/darkorange/ico_02.gif]
[static.websiteonline.cn/website/plugin/product_category/view/windowpopup/darkorange/ico_03.gif]
[hkw96a666.pic10.websiteonline.cn/upload/2.jpg]
[static.websiteonline.cn/website/template/default/images/blank.gif]
[www.topflyma.com/PRODUCTS-MORE49f8.html]
[www.topflyma.com/PRODUCTS-MORE04f2.html]
[www.topflyma.com/PRODUCTS-MOREd3a2.html]
[www.topflyma.com/PRODUCTS-MOREab74.html]
[www.topflyma.com/PRODUCTS-MOREe1ef.html]
[www.topflyma.com/PRODUCTS-MORE1792.html]
[www.topflyma.com/PRODUCTS-MOREbe88.html]
[www.topflyma.com/Products.html]
[www.topflyma.com/f2bd055b893ccc2bb60c96294b00d7ca.css]
[www.topflyma.com/Application.html]
[static.websiteonline.cn/website/plugin/shopping_cart/css/shopping_cart.css]
[www.topflyma.com/0666a354676fc1fe350bb127db0ab025.css]
[static.websiteonline.cn/website/plugin/index3e4a.html]
[static.websiteonline.cn/website/plugin/indexa42c.html]
[www.topflyma.com/script/datepicker/custom_dialog.js]
[static.websiteonline.cn/website/template/default/images/materials/4_nzwa.png]
[static.websiteonline.cn/website/template/default/images/materials/3_rlxu.png]
[www.topflyma.com/Contact-Us.html]
[static.websiteonline.cn/website/script/usermanagemob/clipboard.js]
[www.topflyma.com/Productsfb84.html]
[www.topflyma.com/Products67fe.html]
[www.topflyma.com/Productsb92c.html]
[static.websiteonline.cn/website/plugin/article_detail/css/article_detaild8ef.css]
[static.websiteonline.cn/website/template/default/images/materials/2_31uu.png]
[www.topflyma.com/32404a95acae92b70099a2abd009e35c.css]
[static.websiteonline.cn/website/plugin/tb_product_detail/styles/defaultn/images/sitestar_productdetailspage_up_arrow.png]
[static.websiteonline.cn/website/plugin/tb_product_detail/styles/defaultn/images/sitestar_productdetailspage_down_arrow.png]
[static.websiteonline.cn/website/plugin/article_detail/view/images/sha_tsinaa.png]
[static.websiteonline.cn/website/plugin/article_detail/view/images/sha_tsina.png]
[static.websiteonline.cn/website/plugin/article_detail/view/images/sha_sqqa.png]
[static.websiteonline.cn/website/plugin/article_detail/view/images/sha_sqq.png]
[static.websiteonline.cn/website/plugin/article_detail/view/images/sha_weixina.png]
[static.websiteonline.cn/website/plugin/article_detail/view/images/sha_weixin.png]
[static.websiteonline.cn/website/plugin/article_detail/view/images/sha_twittera.png]
[static.websiteonline.cn/website/plugin/article_detail/view/images/sha_twitter.png]
[static.websiteonline.cn/website/plugin/article_detail/view/images/sha_facebooka.png]
[static.websiteonline.cn/website/plugin/article_detail/view/images/sha_facebook.png]
[static.websiteonline.cn/website/plugin/article_detail/view/images/sha_tqqa.png]
[static.websiteonline.cn/website/plugin/article_detail/view/images/sha_tqq.png]
[static.websiteonline.cn/website/plugin/article_detail/view/images/sha_qzonea.png]
[static.websiteonline.cn/website/plugin/article_detail/view/images/sha_qzone.png]
[static.websiteonline.cn/website/plugin/article_detail/view/images/sha_bdhomea.png]
[static.websiteonline.cn/website/plugin/article_detail/view/images/sha_bdhome.png]
[static.websiteonline.cn/website/plugin/article_detail/view/images/sha_doubana.png]
[static.websiteonline.cn/website/plugin/article_detail/view/images/sha_douban.png]
[static.websiteonline.cn/website/plugin/article_detail/view/images/sha_kaixin001a.png]
[www.topflyma.com/Application-more8950.html]
[www.topflyma.com/Application-more2f2d.html]
[www.topflyma.com/Application-more54ec.html]
[www.topflyma.com/Application-more631b.html]
[www.topflyma.com/Application-more5e7f.html]
[www.topflyma.com/Application-more99d7.html]
[www.topflyma.com/Application-morea6de.html]
[static.websiteonline.cn/website/plugin/lantern/js/lrscroll.js]
[static.websiteonline.cn/website/script/multiupload/uploadify219dd.css]
[static.websiteonline.cn/website/script/calb1f0.js]
[static.websiteonline.cn/website/script/jquery.validate5e1f.js]
[static.websiteonline.cn/website/plugin/article_detail/view/images/sha_kaixin001.png]
[static.tieba.baidu.com/tb/pms/img/std145.gif]
[static.websiteonline.cn/website/script/webuploader/webuploader.js]
[www.topflyma.com/index1c30.html]
[static.websiteonline.cn/website/plugin/unslider/css/script/pie.html]
[www.topflyma.com/GET.html]
[tjs.sjs.sinajs.cn/open/api/js/wb.js]
[www.topflyma.com/plugin/title/view/icons/flash.gif]
[www.topflyma.com/plugin/title/view/icons/rm.gif]
[www.topflyma.com/plugin/title/css/title.css]
[www.topflyma.com/plugin/title/view/icons/media.gif]
[static.websiteonline.cn/website/plugin/blocksit/css/blocksit816c.css]
[static.websiteonline.cn/website/plugin/indexd610.html]
[www.topflyma.com/d451f2661a266583ac2de0766665a7d7.css]
[static.websiteonline.cn/website/plugin/blocksit/js/jquery_blocksit.js]
[static.websiteonline.cn/website/plugin/blocksit/js/jquery.lightbox3860.js]
[static.websiteonline.cn/website/plugin/blocksit/images/rt_arrow.png]
[static.websiteonline.cn/website/plugin/product_category/view/images/li-arrow.gif]
[static.websiteonline.cn/website/plugin/product_category/css/product_categoryaa0f.css]
[static.websiteonline.cn/website/plugin/indexf8d1.html]
[www.topflyma.com/bc82edc3bfd2e13ed9dcfc90086df8c8.css]
[static.websiteonline.cn/website/plugin/product_detail/css/product_detailc3cd.css]
[static.websiteonline.cn/website/plugin/indexc80b.html]
[www.topflyma.com/974b6d3a0ab64f18da8e8266c794ae01.css]
[static.websiteonline.cn/website/plugin/product_detail/styles/listStyle/css/csse67d.css]
[static.websiteonline.cn/website/plugin/product_detail/styles/listStyle/images/an1L.gif]
[static.websiteonline.cn/website/plugin/product_detail/styles/listStyle/images/an1R.gif]
[static.websiteonline.cn/website/plugin/tb_product_detail/styles/listStyle/images/an1L.gif]
[static.websiteonline.cn/website/plugin/tb_product_detail/styles/listStyle/images/an1R.gif]
[www.topflyma.com/goods-info]
[www.topflyma.com/PRODUCTS-MORE49f8.html]
[hkw96a666.pic10.websiteonline.cn/upload/GRAPHITEPART.jpg]
[www.topflyma.com/PRODUCTS-MORE04f2.html]
[www.topflyma.com/PRODUCTS-MOREd3a2.html]
[www.topflyma.com/PRODUCTS-MOREab74.html]
[hkw96a666.pic10.websiteonline.cn/upload/4_1efu.jpg]
[www.topflyma.com/PRODUCTS-MOREe1ef.html]
[hkw96a666.pic10.websiteonline.cn/upload/1_xoyf.jpg]
[www.topflyma.com/PRODUCTS-MORE1792.html]
[hkw96a666.pic10.websiteonline.cn/upload/5_e38k.jpg]
[www.topflyma.com/PRODUCTS-MOREbe88.html]
[static.websiteonline.cn/website/plugin/indexa42c.html]
[www.topflyma.com/f2bd055b893ccc2bb60c96294b00d7ca.css]
[hkw96a666.pic10.websiteonline.cn/upload/GRAPHITEBLOCK.jpg]
[static.websiteonline.cn/website/plugin/shopping_cart/view/images/wp-new-cart-content.png]
[static.websiteonline.cn/website/plugin/shopping_cart/view/images/wp-new-cart-background.png]
[hkw96a666.pic10.websiteonline.cn/upload/2_m1rv.jpg]
[static.websiteonline.cn/website/plugin/shopping_cart/view/images/wp-new-downarrow.png]
[static.websiteonline.cn/website/plugin/shopping_cart/view/images/wp-new-shopping-cart-add-address-c.png]
[static.websiteonline.cn/website/plugin/shopping_cart/view/images/wp-new-shopping-cart-add-address-c-input.gif]
[static.websiteonline.cn/website/plugin/shopping_cart/view/images/wp-new-cart-messge-dialog-left.png]
[static.websiteonline.cn/website/plugin/shopping_cart/view/images/wp-new-cart-messge-dialog-right.png]
[static.websiteonline.cn/website/plugin/shopping_cart/view/images/wp-new-cart-messge-dialog-top-c.gif]
[static.websiteonline.cn/website/plugin/shopping_cart/view/images/wp-new-cart-messge-dialog-bottom-c.png]
[hkw96a666.pic10.websiteonline.cn/upload/3-2.jpg]
[static.websiteonline.cn/website/plugin/shopping_cart/view/images/wp-new-cart-messge-dialog-message.gif]
[static.websiteonline.cn/website/plugin/shopping_cart/view/images/wp-new-cart-messge-dialog-top-left.png]
[static.websiteonline.cn/website/plugin/shopping_cart/view/images/wp-new-cart-messge-dialog-top-right.png]
[static.websiteonline.cn/website/plugin/shopping_cart/view/images/wp-cartstyle-font.png]
[static.websiteonline.cn/website/plugin/shopping_cart/css/shopping_cart.css]
[static.websiteonline.cn/website/plugin/index3e4a.html]
[www.topflyma.com/0666a354676fc1fe350bb127db0ab025.css]
[static.websiteonline.cn/website/plugin/article_detail/css/article_detaild8ef.css]
[www.topflyma.com/32404a95acae92b70099a2abd009e35c.css]
[static.websiteonline.cn/website/script/api/js/wb.html]
[static.websiteonline.cn/website/plugin/product_detail/css/product_detailc3cd.css]
[static.websiteonline.cn/website/plugin/indexc80b.html]
[www.topflyma.com/974b6d3a0ab64f18da8e8266c794ae01.css]
[static.websiteonline.cn/website/plugin/product_detail/images/sitestar_productdetailspage_up_arrow.png]
[static.websiteonline.cn/website/plugin/product_detail/images/sitestar_productdetailspage_down_arrow.png]
[static.websiteonline.cn/website/plugin/product_detail/styles/listStyle/css/csse67d.css]
[www.topflyma.com/goods-info.html]
[static.websiteonline.cn/website/plugin/product_detail/images/product_detail_out.jpg]
